(node:178776) [MODULE_TYPELESS_PACKAGE_JSON] Warning: Module type of file:///D:/Projects/SimDemos/rigidPBD/test/three.module.js is not specified and it doesn't parse as CommonJS.
Reparsing as ES module because module syntax was detected. This incurs a performance overhead.
To eliminate this warning, add "type": "module" to D:\Projects\SimDemos\package.json.
(Use `node --trace-warnings ...` to show where the warning was created)

场景注册表：8 个 —— ① 柔度与力 / ② 单/双/三摆与闭环 / ③ 关节类型展示 / ④ 机械臂 IK / ⑤ 扭转的绳子 / ⑥ 弹珠：冲量与初始穿透 / ⑦ 硬币的高频运动 / ⑧ 盒子堆叠

[0] 注册表完整性
  ✓ 场景数 = 8 实际 8
  ✓ springBoxes 字段齐全 ① 柔度与力
  ✓ pendula 字段齐全 ② 单/双/三摆与闭环
  ✓ jointTypes 字段齐全 ③ 关节类型展示
  ✓ robot 字段齐全 ④ 机械臂 IK
  ✓ rope 字段齐全 ⑤ 扭转的绳子
  ✓ marbles 字段齐全 ⑥ 弹珠：冲量与初始穿透
  ✓ coin 字段齐全 ⑦ 硬币的高频运动
  ✓ boxStack 字段齐全 ⑧ 盒子堆叠
  ✓ id 无重复 springBoxes,pendula,jointTypes,robot,rope,marbles,coin,boxStack

[1] sceneSpringBoxes —— 图 4 / 图 6：距离关节 Δ = α·F
  ✓ 图 4 建立 4 个距离关节 实际 4
  ✓ 默认打开力可视化（图 4 的卖点） 
  ✓ 图 4 跑 3 秒稳定 
    · 各关节 (x, α, 伸长Δ, 力F)：(-3.3, 0.01, 0.1006m, 10.055N)  (-1.1, 0.004, 0.0047m, 1.180N)  (1.1, 0.01, 0.4307m, 43.065N)  (3.3, 0.004, 0.1606m, 40.149N)
  ✓ 论文核心关系 Δ = α·F（相对误差 < 5%） 最大偏差 0.00%
  ✓ α 相同、质量翻 4 倍 → 伸长变长 1kg:0.1006m  vs  4kg:0.4307m
  ✗ α 减半 → 伸长减半（α=0.010 与 0.004，同质量） 比值 0.047（期望 0.4）
  ✓ 图 6 建立 6 个距离关节 实际 6
  ✓ 图 6 跑 3 秒稳定（1000:1 质量比 + α=0 硬约束） 
    · 最大伸长 |Δ| 按 α 分组：α=0: 0.02483m  α=0.01: 0.11581m  α=0.001: 0.03277m
  ✗ α=0 的硬约束几乎不伸长（|Δ| < 1 mm） |Δ|=2.48e-2m
  ✓ α 越大伸长越大：0.001 < 0.01 α=0.001: 0.0328m  <  α=0.01: 0.1158m

[2] scenePendula —— 图 8 / 图 9：铰链链与子步化
  ✓ 单摆：建立 1 个铰链约束 实际 1
  ✓ 单摆 跑 3 秒稳定 
  ✓ 双摆：建立 2 个铰链约束 实际 2
  ✓ 双摆 跑 3 秒稳定 
  ✓ 三摆：建立 3 个铰链约束 实际 3
  ✓ 三摆 跑 3 秒稳定 
  ✓ 闭环四连杆：建立 4 个铰链约束 实际 4
  ✓ 闭环四连杆 跑 3 秒稳定 
  ✓ 闭环：两个杆-连杆铰链始终重合（误差 < 5 mm） 最大偏差 0.07 mm
    · 3 秒后总能量相对漂移：20x1: 0.826%  10x2: 0.836%  5x4: 0.835%  2x10: 0.835%  1x20: 0.835%
  ✓ 20×1 比 1×20 守恒更好（论文图 9 的结论） 20×1: 0.826%  <  1×20: 0.835%
  ✓ 20×1 的能量漂移 < 1% 0.8263%

[3] sceneJointTypes —— 图 7：铰链 / 棱柱 / 球窝
  ✓ 建立 3 个关节 实际 3
  ✓ 铰链 / 棱柱 / 球窝三类关节都在 铰链=true 棱柱=true 球窝=true
  ✓ 跑 4 秒稳定（滑台自动往复 + 球窝激发 swing/twist） 
    · 门最大张角 / 滑台行程 / 球窝最大 swing：0.0°  [-1.46, 1.46]m  52.7°
  ✓ 门限制生效（≤ 85° + 余量） 0.0° vs 限制 85°
  ✓ 滑台限制生效（±1.5 m + 余量） [-1.46, 1.46]
  ✓ 球窝 swing 限制生效（≤ 50° + 余量） 52.7° vs 限制 50°
  ✓ 柔度推到 0.02（很软的限制）仍稳定 

[4] sceneRobot —— 图 17：机械臂 IK
  ✓ IK 约束存在（距离关节 restLength = 0） restLength=0
  ✓ 至少 3 个驱动铰链 
  ✓ 目标盒走 Lissajous 轨迹时跑 4 秒稳定 
    · 目标运动时的最大跟随误差：0.0189 m
  ✓ 动态跟踪误差 < 0.25 m 0.0189 m
    · 静态目标 (1.5, 1.6, 0) 的收敛误差：0.00502 m
  ✓ 静态目标收敛（< 5 cm） 0.00502 m
  ✓ 不可达目标不发散（优雅退化） 
    · 不可达目标 (3.6, 3.6, 0) 的残差：1.381 m（应停在最接近位姿）

[5] sceneRope —— 图 18：扭转的绳子（球窝 swing/twist）
  ✓ 建立 25 个球窝关节（24 段 + 末端盒） 实际 25
  ✓ 自由摆动 3 秒稳定 
    · 无扭矩时的残余总扭转：232.2°
  ✗ 无扭矩时绳子基本不扭转（< 15°） 232.2°
  ✓ 施加末端扭矩后仍稳定 
    · 加扭矩 2.5 N·m 后的峰值总扭转：1179.3°
  ✓ 扭矩确实把扭转注入绳子（> 60°） 1179.3°
    · 撤销扭矩 3 秒后的残余扭转：696.4°
  ✓ 撤销扭矩后扭转回落 696.4° < 峰值 1179.3°

[6] sceneMarbles —— 图 12（冲量传递）与图 13（初始穿透）
  ✓ 图 12：4 颗弹珠 + 2 根轨道线 4 动态 / 6 总数
  ✓ 图 12 跑 2.5 秒稳定 
    · 最左弹珠位移 / 峰值速度：-1.865 m / 2.171 m/s
  ✓ 冲量传到最左弹珠（它被推动） Δx=-1.865 m
    · Eq.35 开：峰值速度 / 抬升高度：2.19 m/s / 0.048 m
    · Eq.35 关：峰值速度 / 抬升高度：27.92 m/s / 29.610 m
  ✓ 两种配置都稳定（不发散）  
  ✓ 关闭 Eq.35 → 初始穿透产生“巨大分离速度”（论文图 13 上图） 关:27.92 m/s  ≫  开:2.19 m/s
  ✗ 开启 Eq.35 → 被温和地推上轨道（论文图 13 下图） 2.19 m/s，抬升 0.048 m

[7] sceneCoin —— 图 15：硬币的高频运动
  ✓ 建立 3 枚硬币 实际 3
  ✓ 高速自转 4 秒稳定（接触法线逐子步重算） 
    · 倾角 (初始 → 4 秒后)：2.7°→0.0°  5.3°→0.0°  8.0°→0.0°
  ✓ 硬币不穿透地面 最低点 y=0.0110 m
  ✗ 自转使倾角增长（进动 → 倒下，图 15 的高频运动） 最大变化 -2.7°
  ✓ 关闭陀螺力矩后仍稳定（对比实验） 
    · 关闭陀螺力矩 2 秒后的倾角：0.0°  0.0°  0.0°
  ✓ drop 模式跑 4 秒稳定 
    · drop 模式落地后的质心高度：0.0110  0.0110  0.0110
  ✓ 平放的硬币停在半高 y ≈ 0.011 m 0.0110,0.0110,0.0110

[8] sceneBoxStack —— 表 1：堆叠基准
  ✓ 7 个盒子 + 地面 实际 8
  ✓ 7 盒堆叠跑 5 秒稳定 
    · 末态最大速度 / 最低点 / 最高点：3.6627 m/s  y∈[0.351, 2.655]
  ✗ 末态静止（最大速度 < 0.05 m/s，论文的“稳定”判据） 3.6627 m/s
  ✓ 盒子不穿地（最低点 > -5 mm） 0.35095 m
  ✗ 堆叠没有塌（最高点仍 ≈ 3.5 m） 2.655 m
  ✓ 最大穿透很小（< 1 cm） 0.072 mm
  ✓ 3 盒堆叠跑 5 秒稳定且静止  maxV=0.0062 m/s
    · 初始互相嵌入 2 cm 时的早期最大速度：10.067 m/s
  ✗ 初始穿透不产生弹飞（早期速度 < 1 m/s） 10.067 m/s
  ✓ 初始穿透后仍能稳定堆叠 maxV=0.0002 m/s
  ✓ 20 盒跑 3 秒稳定（压力测试） 
  ✓ 20 盒不穿地且不塌 y∈[0.250, 69.676]

[9] 全部场景：GUI 回调 + 实时读数
  ✓ springBoxes：3/3 个 GUI 控件操作无异常 
  ✓ springBoxes：GUI 交互后仍稳定 
  ✓ springBoxes：buildInfo 输出正常 
  ✓ pendula：6/6 个 GUI 控件操作无异常 
  ✓ pendula：GUI 交互后仍稳定 
  ✓ pendula：buildInfo 输出正常 
  ✓ jointTypes：12/12 个 GUI 控件操作无异常 
  ✓ jointTypes：GUI 交互后仍稳定 
  ✓ jointTypes：buildInfo 输出正常 
  ✓ robot：8/8 个 GUI 控件操作无异常 
  ✓ robot：GUI 交互后仍稳定 
  ✓ robot：buildInfo 输出正常 
  ✓ rope：8/8 个 GUI 控件操作无异常 
  ✓ rope：GUI 交互后仍稳定 
  ✓ rope：buildInfo 输出正常 
  ✓ marbles：5/5 个 GUI 控件操作无异常 
  ✓ marbles：GUI 交互后仍稳定 
  ✓ marbles：buildInfo 输出正常 
  ✓ coin：5/5 个 GUI 控件操作无异常 
  ✓ coin：GUI 交互后仍稳定 
  ✓ coin：buildInfo 输出正常 
  ✓ boxStack：6/6 个 GUI 控件操作无异常 
  ✓ boxStack：GUI 交互后仍稳定 
  ✓ boxStack：buildInfo 输出正常 

  实时读数示例（各场景 buildInfo 的首行）：
    springBoxes  距离关节读数  f = |λ|/h²  (Eq. 11)
    pendula      能量守恒（论文图 9）
    jointTypes   关节状态
    robot        IK 状态
    rope         绳子状态
    marbles      弹珠状态
    coin         硬币状态
    boxStack     堆叠状态（论文 Table 1）

===== 结果：90 通过 / 8 失败 =====

